2026-02-25 17:49:29 - INFO - Iniciando WebDriver Chrome...
2026-02-25 17:49:35 - ERROR - ❌ Erro no WebDriver: Message: session not created: Chrome instance exited. Examine ChromeDriver verbose log to determine the cause.; For documentation on this error, please visit: https://www.selenium.dev/documentation/webdriver/troubleshooting/errors#sessionnotcreatedexception
Stacktrace:
Symbols not available. Dumping unresolved backtrace:
	0x7ff7f117aa55
	0x7ff7f0ed8630
	0x7ff7f0c6d75d
	0x7ff7f0cae182
	0x7ff7f0ca95d9
	0x7ff7f0cffc51
	0x7ff7f0cff4b6
	0x7ff7f0cb9098
	0x7ff7f0cb9f83
	0x7ff7f11a7810
	0x7ff7f11a1afd
	0x7ff7f11c2c1a
	0x7ff7f0ef3345
	0x7ff7f0efb81c
	0x7ff7f0ee1924
	0x7ff7f0ee1ad6
	0x7ff7f0ec7e47
	0x7ffcd971e8d7
	0x7ffcdabec40c
Traceback (most recent call last):
  File "<ipython-input-1-bc5aa3691c1b>", line 154, in main
    driver = webdriver.Chrome(options=opts)
  File "c:\Users\Arthur\anaconda3\Lib\site-packages\selenium\webdriver\chrome\webdriver.py", line 45, in __init__
    super().__init__(
    ~~~~~~~~~~~~~~~~^
        browser_name=DesiredCapabilities.CHROME["browserName"],
        ^^^^^^^^^^^^^^^^^^^^^^^^^^^^^^^^^^^^^^^^^^^^^^^^^^^^^^^
    ...<3 lines>...
        keep_alive=keep_alive,
        ^^^^^^^^^^^^^^^^^^^^^^
    )
    ^
  File "c:\Users\Arthur\anaconda3\Lib\site-packages\selenium\webdriver\chromium\webdriver.py", line 66, in __init__
    super().__init__(command_executor=executor, options=self.options)
    ~~~~~~~~~~~~~~~~^^^^^^^^^^^^^^^^^^^^^^^^^^^^^^^^^^^^^^^^^^^^^^^^^
  File "c:\Users\Arthur\anaconda3\Lib\site-packages\selenium\webdriver\common\webdriver.py", line 25, in __init__
    super().__init__(*args, **kwargs)
    ~~~~~~~~~~~~~~~~^^^^^^^^^^^^^^^^^
  File "c:\Users\Arthur\anaconda3\Lib\site-packages\selenium\webdriver\remote\webdriver.py", line 271, in __init__
    self.start_session(capabilities)
    ~~~~~~~~~~~~~~~~~~^^^^^^^^^^^^^^
  File "c:\Users\Arthur\anaconda3\Lib\site-packages\selenium\webdriver\remote\webdriver.py", line 366, in start_session
    response = self.execute(Command.NEW_SESSION, caps)["value"]
               ~~~~~~~~~~~~^^^^^^^^^^^^^^^^^^^^^^^^^^^
  File "c:\Users\Arthur\anaconda3\Lib\site-packages\selenium\webdriver\remote\webdriver.py", line 446, in execute
    self.error_handler.check_response(response)
    ~~~~~~~~~~~~~~~~~~~~~~~~~~~~~~~~~^^^^^^^^^^
  File "c:\Users\Arthur\anaconda3\Lib\site-packages\selenium\webdriver\remote\errorhandler.py", line 232, in check_response
    raise exception_class(message, screen, stacktrace)
selenium.common.exceptions.SessionNotCreatedException: Message: session not created: Chrome instance exited. Examine ChromeDriver verbose log to determine the cause.; For documentation on this error, please visit: https://www.selenium.dev/documentation/webdriver/troubleshooting/errors#sessionnotcreatedexception
Stacktrace:
Symbols not available. Dumping unresolved backtrace:
	0x7ff7f117aa55
	0x7ff7f0ed8630
	0x7ff7f0c6d75d
	0x7ff7f0cae182
	0x7ff7f0ca95d9
	0x7ff7f0cffc51
	0x7ff7f0cff4b6
	0x7ff7f0cb9098
	0x7ff7f0cb9f83
	0x7ff7f11a7810
	0x7ff7f11a1afd
	0x7ff7f11c2c1a
	0x7ff7f0ef3345
	0x7ff7f0efb81c
	0x7ff7f0ee1924
	0x7ff7f0ee1ad6
	0x7ff7f0ec7e47
	0x7ffcd971e8d7
	0x7ffcdabec40c

2026-02-25 17:49:35 - INFO - 
============================================================
2026-02-25 17:49:35 - INFO - RESUMO DA COLETA
2026-02-25 17:49:35 - INFO - ============================================================
2026-02-25 17:49:35 - INFO - ✓ Vídeos coletados com sucesso: 0
2026-02-25 17:49:35 - INFO - ❌ Vídeos com erro: 0
2026-02-25 17:49:35 - INFO - 📝 Total de comentários: 0
2026-02-25 17:49:35 - INFO - 💬 Total de respostas: 0
2026-02-25 17:49:35 - INFO - ⏱️  Tempo total: 0:00:06.336582
2026-02-25 17:49:35 - INFO - ✓ Coleta finalizada!
2026-02-25 17:49:42 - INFO - Iniciando WebDriver Chrome...
2026-02-25 17:49:49 - INFO - 📁 Pasta da coleta criada: dados\coleta_20260225_174949
2026-02-25 17:49:49 - INFO - 
============================================================
2026-02-25 17:49:49 - INFO - VÍDEO 1/2
2026-02-25 17:49:49 - INFO - ============================================================
2026-02-25 17:49:49 - INFO - Video ID: UGoqL8kZm_8
2026-02-25 17:49:49 - INFO - Buscando informações do vídeo...
2026-02-25 17:49:49 - INFO - ✓ Informações do vídeo obtidas
2026-02-25 17:49:49 - INFO - Buscando comentários e respostas...
2026-02-25 17:49:49 - INFO - Buscando comentários - página 1...
2026-02-25 17:49:49 - INFO - Buscando comentários - página 2...
2026-02-25 17:49:49 - INFO - Total de comentários coletados: 112
2026-02-25 17:49:49 - INFO - ✓ 112 comentários coletados
2026-02-25 17:49:49 - INFO - ✓ 34 respostas coletadas
2026-02-25 17:49:49 - INFO - Salvando dados coletados (sem transcrição)...
2026-02-25 17:49:50 - INFO - ✓ Dados salvos em: dados\coleta_20260225_174949\video_1_UGoqL8kZm_8
2026-02-25 17:49:50 - INFO -   - dados.json
2026-02-25 17:49:50 - INFO -   - dados_raw.json
2026-02-25 17:49:50 - INFO -   - dados.txt
2026-02-25 17:49:50 - INFO -   - video.csv
2026-02-25 17:49:50 - INFO -   - comentarios.csv (112 comentários)
2026-02-25 17:49:50 - INFO -   - respostas.csv (34 respostas)
2026-02-25 17:49:50 - INFO - ✓ Dados salvos com sucesso
2026-02-25 17:49:50 - INFO - Navegando para próximo vídeo...
2026-02-25 17:49:52 - INFO - 
============================================================
2026-02-25 17:49:52 - INFO - VÍDEO 2/2
2026-02-25 17:49:52 - INFO - ============================================================
2026-02-25 17:49:52 - ERROR - ❌ Erro ao processar vídeo: Message: invalid session id: session deleted as the browser has closed the connection
from disconnected: not connected to DevTools
  (Session info: chrome=145.0.7632.116); For documentation on this error, please visit: https://www.selenium.dev/documentation/webdriver/troubleshooting/errors#invalidsessionidexception
Stacktrace:
Symbols not available. Dumping unresolved backtrace:
	0x7ff7f117aa55
	0x7ff7f0ed8630
	0x7ff7f0c6d75d
	0x7ff7f0c58c72
	0x7ff7f0c7f015
	0x7ff7f0cf90e0
	0x7ff7f0d15282
	0x7ff7f0cb9098
	0x7ff7f0cb9f83
	0x7ff7f11a7810
	0x7ff7f11a1afd
	0x7ff7f11c2c1a
	0x7ff7f0ef3345
	0x7ff7f0efb81c
	0x7ff7f0ee1924
	0x7ff7f0ee1ad6
	0x7ff7f0ec7e47
	0x7ffcd971e8d7
	0x7ffcdabec40c
Traceback (most recent call last):
  File "<ipython-input-2-ba23682921c6>", line 70, in collect_video_data
    url_atual = driver.current_url
                ^^^^^^^^^^^^^^^^^^
  File "c:\Users\Arthur\anaconda3\Lib\site-packages\selenium\webdriver\remote\webdriver.py", line 556, in current_url
    return self.execute(Command.GET_CURRENT_URL)["value"]
           ~~~~~~~~~~~~^^^^^^^^^^^^^^^^^^^^^^^^^
  File "c:\Users\Arthur\anaconda3\Lib\site-packages\selenium\webdriver\remote\webdriver.py", line 446, in execute
    self.error_handler.check_response(response)
    ~~~~~~~~~~~~~~~~~~~~~~~~~~~~~~~~~^^^^^^^^^^
  File "c:\Users\Arthur\anaconda3\Lib\site-packages\selenium\webdriver\remote\errorhandler.py", line 232, in check_response
    raise exception_class(message, screen, stacktrace)
selenium.common.exceptions.InvalidSessionIdException: Message: invalid session id: session deleted as the browser has closed the connection
from disconnected: not connected to DevTools
  (Session info: chrome=145.0.7632.116); For documentation on this error, please visit: https://www.selenium.dev/documentation/webdriver/troubleshooting/errors#invalidsessionidexception
Stacktrace:
Symbols not available. Dumping unresolved backtrace:
	0x7ff7f117aa55
	0x7ff7f0ed8630
	0x7ff7f0c6d75d
	0x7ff7f0c58c72
	0x7ff7f0c7f015
	0x7ff7f0cf90e0
	0x7ff7f0d15282
	0x7ff7f0cb9098
	0x7ff7f0cb9f83
	0x7ff7f11a7810
	0x7ff7f11a1afd
	0x7ff7f11c2c1a
	0x7ff7f0ef3345
	0x7ff7f0efb81c
	0x7ff7f0ee1924
	0x7ff7f0ee1ad6
	0x7ff7f0ec7e47
	0x7ffcd971e8d7
	0x7ffcdabec40c

2026-02-25 17:49:52 - WARNING - Interrompendo coleta após erro no vídeo 2
2026-02-25 17:49:52 - INFO - Fechando WebDriver...
2026-02-25 17:49:54 - INFO - 
============================================================
2026-02-25 17:49:54 - INFO - RESUMO DA COLETA
2026-02-25 17:49:54 - INFO - ============================================================
2026-02-25 17:49:54 - INFO - ✓ Vídeos coletados com sucesso: 1
2026-02-25 17:49:54 - INFO - ❌ Vídeos com erro: 1
2026-02-25 17:49:54 - INFO - 📝 Total de comentários: 112
2026-02-25 17:49:54 - INFO - 💬 Total de respostas: 34
2026-02-25 17:49:54 - INFO - ⏱️  Tempo total: 0:00:12.103039
2026-02-25 17:49:54 - INFO - 📁 Dados salvos em: dados\coleta_20260225_174949
2026-02-25 17:49:54 - INFO - ✓ Coleta finalizada!
2026-02-25 17:49:58 - INFO - Iniciando WebDriver Chrome...
2026-02-25 17:50:05 - INFO - 📁 Pasta da coleta criada: dados\coleta_20260225_175005
2026-02-25 17:50:05 - INFO - 
============================================================
2026-02-25 17:50:05 - INFO - VÍDEO 1/2
2026-02-25 17:50:05 - INFO - ============================================================
2026-02-25 17:50:05 - INFO - Video ID: jVFEwC1dbFs
2026-02-25 17:50:05 - INFO - Buscando informações do vídeo...
2026-02-25 17:50:06 - INFO - ✓ Informações do vídeo obtidas
2026-02-25 17:50:06 - INFO - Buscando comentários e respostas...
2026-02-25 17:50:06 - INFO - Buscando comentários - página 1...
2026-02-25 17:50:06 - INFO - Total de comentários coletados: 2
2026-02-25 17:50:06 - INFO - ✓ 2 comentários coletados
2026-02-25 17:50:06 - INFO - ✓ 0 respostas coletadas
2026-02-25 17:50:06 - INFO - Salvando dados coletados (sem transcrição)...
2026-02-25 17:50:06 - INFO - ✓ Dados salvos em: dados\coleta_20260225_175005\video_1_jVFEwC1dbFs
2026-02-25 17:50:06 - INFO -   - dados.json
2026-02-25 17:50:06 - INFO -   - dados_raw.json
2026-02-25 17:50:06 - INFO -   - dados.txt
2026-02-25 17:50:06 - INFO -   - video.csv
2026-02-25 17:50:06 - INFO -   - comentarios.csv (2 comentários)
2026-02-25 17:50:06 - INFO - ✓ Dados salvos com sucesso
2026-02-25 17:50:06 - INFO - Navegando para próximo vídeo...
2026-02-25 17:50:08 - INFO - 
============================================================
2026-02-25 17:50:08 - INFO - VÍDEO 2/2
2026-02-25 17:50:08 - INFO - ============================================================
2026-02-25 17:50:08 - INFO - Video ID: eQDnuUTT-o8
2026-02-25 17:50:08 - INFO - Buscando informações do vídeo...
2026-02-25 17:50:09 - INFO - ✓ Informações do vídeo obtidas
2026-02-25 17:50:09 - INFO - Buscando comentários e respostas...
2026-02-25 17:50:09 - INFO - Buscando comentários - página 1...
2026-02-25 17:50:09 - INFO - Buscando comentários - página 2...
2026-02-25 17:50:10 - INFO - Buscando comentários - página 3...
2026-02-25 17:50:11 - INFO - Buscando comentários - página 4...
2026-02-25 17:50:11 - INFO - Buscando comentários - página 5...
2026-02-25 17:50:11 - INFO - Buscando comentários - página 6...
2026-02-25 17:50:12 - INFO - Buscando comentários - página 7...
2026-02-25 17:50:13 - INFO - Total de comentários coletados: 686
2026-02-25 17:50:13 - INFO - ✓ 686 comentários coletados
2026-02-25 17:50:13 - INFO - ✓ 64 respostas coletadas
2026-02-25 17:50:13 - INFO - Salvando dados coletados (sem transcrição)...
2026-02-25 17:50:13 - INFO - ✓ Dados salvos em: dados\coleta_20260225_175005\video_2_eQDnuUTT-o8
2026-02-25 17:50:13 - INFO -   - dados.json
2026-02-25 17:50:13 - INFO -   - dados_raw.json
2026-02-25 17:50:13 - INFO -   - dados.txt
2026-02-25 17:50:13 - INFO -   - video.csv
2026-02-25 17:50:13 - INFO -   - comentarios.csv (686 comentários)
2026-02-25 17:50:13 - INFO -   - respostas.csv (64 respostas)
2026-02-25 17:50:13 - INFO - ✓ Dados salvos com sucesso
2026-02-25 17:50:13 - INFO - Navegando para próximo vídeo...
2026-02-25 17:50:13 - ERROR - ❌ Erro ao processar vídeo: Message: invalid session id: session deleted as the browser has closed the connection
from disconnected: not connected to DevTools
  (Session info: chrome=145.0.7632.116); For documentation on this error, please visit: https://www.selenium.dev/documentation/webdriver/troubleshooting/errors#invalidsessionidexception
Stacktrace:
Symbols not available. Dumping unresolved backtrace:
	0x7ff7f117aa55
	0x7ff7f0ed8630
	0x7ff7f0c6d75d
	0x7ff7f0c58c72
	0x7ff7f0c7f015
	0x7ff7f0cf90e0
	0x7ff7f0d15282
	0x7ff7f0cb9098
	0x7ff7f0cb9f83
	0x7ff7f11a7810
	0x7ff7f11a1afd
	0x7ff7f11c2c1a
	0x7ff7f0ef3345
	0x7ff7f0efb81c
	0x7ff7f0ee1924
	0x7ff7f0ee1ad6
	0x7ff7f0ec7e47
	0x7ffcd971e8d7
	0x7ffcdabec40c
Traceback (most recent call last):
  File "<ipython-input-3-dfe334491fec>", line 114, in collect_video_data
    driver.find_element(By.TAG_NAME, "body").send_keys(Keys.ARROW_DOWN)
    ~~~~~~~~~~~~~~~~~~~^^^^^^^^^^^^^^^^^^^^^
  File "c:\Users\Arthur\anaconda3\Lib\site-packages\selenium\webdriver\remote\webdriver.py", line 816, in find_element
    return self.execute(Command.FIND_ELEMENT, {"using": by, "value": value})["value"]
           ~~~~~~~~~~~~^^^^^^^^^^^^^^^^^^^^^^^^^^^^^^^^^^^^^^^^^^^^^^^^^^^^^
  File "c:\Users\Arthur\anaconda3\Lib\site-packages\selenium\webdriver\remote\webdriver.py", line 446, in execute
    self.error_handler.check_response(response)
    ~~~~~~~~~~~~~~~~~~~~~~~~~~~~~~~~~^^^^^^^^^^
  File "c:\Users\Arthur\anaconda3\Lib\site-packages\selenium\webdriver\remote\errorhandler.py", line 232, in check_response
    raise exception_class(message, screen, stacktrace)
selenium.common.exceptions.InvalidSessionIdException: Message: invalid session id: session deleted as the browser has closed the connection
from disconnected: not connected to DevTools
  (Session info: chrome=145.0.7632.116); For documentation on this error, please visit: https://www.selenium.dev/documentation/webdriver/troubleshooting/errors#invalidsessionidexception
Stacktrace:
Symbols not available. Dumping unresolved backtrace:
	0x7ff7f117aa55
	0x7ff7f0ed8630
	0x7ff7f0c6d75d
	0x7ff7f0c58c72
	0x7ff7f0c7f015
	0x7ff7f0cf90e0
	0x7ff7f0d15282
	0x7ff7f0cb9098
	0x7ff7f0cb9f83
	0x7ff7f11a7810
	0x7ff7f11a1afd
	0x7ff7f11c2c1a
	0x7ff7f0ef3345
	0x7ff7f0efb81c
	0x7ff7f0ee1924
	0x7ff7f0ee1ad6
	0x7ff7f0ec7e47
	0x7ffcd971e8d7
	0x7ffcdabec40c

2026-02-25 17:50:13 - WARNING - Interrompendo coleta após erro no vídeo 2
2026-02-25 17:50:13 - INFO - Fechando WebDriver...
2026-02-25 17:50:15 - INFO - 
============================================================
2026-02-25 17:50:15 - INFO - RESUMO DA COLETA
2026-02-25 17:50:15 - INFO - ============================================================
2026-02-25 17:50:15 - INFO - ✓ Vídeos coletados com sucesso: 2
2026-02-25 17:50:15 - INFO - ❌ Vídeos com erro: 1
2026-02-25 17:50:15 - INFO - 📝 Total de comentários: 688
2026-02-25 17:50:15 - INFO - 💬 Total de respostas: 64
2026-02-25 17:50:15 - INFO - ⏱️  Tempo total: 0:00:16.286704
2026-02-25 17:50:15 - INFO - 📁 Dados salvos em: dados\coleta_20260225_175005
2026-02-25 17:50:15 - INFO - ✓ Coleta finalizada!
2026-02-25 17:53:27 - INFO - Iniciando WebDriver Chrome...
2026-02-25 17:54:14 - ERROR - ❌ Erro no WebDriver: Message: session not created: Chrome instance exited. Examine ChromeDriver verbose log to determine the cause.; For documentation on this error, please visit: https://www.selenium.dev/documentation/webdriver/troubleshooting/errors#sessionnotcreatedexception
Stacktrace:
Symbols not available. Dumping unresolved backtrace:
	0x7ff7f117aa55
	0x7ff7f0ed8630
	0x7ff7f0c6d75d
	0x7ff7f0cae182
	0x7ff7f0ca95d9
	0x7ff7f0cffc51
	0x7ff7f0cff4b6
	0x7ff7f0cb9098
	0x7ff7f0cb9f83
	0x7ff7f11a7810
	0x7ff7f11a1afd
	0x7ff7f11c2c1a
	0x7ff7f0ef3345
	0x7ff7f0efb81c
	0x7ff7f0ee1924
	0x7ff7f0ee1ad6
	0x7ff7f0ec7e47
	0x7ffcd971e8d7
	0x7ffcdabec40c
Traceback (most recent call last):
  File "<ipython-input-4-0db078183d4f>", line 154, in main
    driver = webdriver.Chrome(options=opts)
  File "c:\Users\Arthur\anaconda3\Lib\site-packages\selenium\webdriver\chrome\webdriver.py", line 45, in __init__
    super().__init__(
    ~~~~~~~~~~~~~~~~^
        browser_name=DesiredCapabilities.CHROME["browserName"],
        ^^^^^^^^^^^^^^^^^^^^^^^^^^^^^^^^^^^^^^^^^^^^^^^^^^^^^^^
    ...<3 lines>...
        keep_alive=keep_alive,
        ^^^^^^^^^^^^^^^^^^^^^^
    )
    ^
  File "c:\Users\Arthur\anaconda3\Lib\site-packages\selenium\webdriver\chromium\webdriver.py", line 66, in __init__
    super().__init__(command_executor=executor, options=self.options)
    ~~~~~~~~~~~~~~~~^^^^^^^^^^^^^^^^^^^^^^^^^^^^^^^^^^^^^^^^^^^^^^^^^
  File "c:\Users\Arthur\anaconda3\Lib\site-packages\selenium\webdriver\common\webdriver.py", line 25, in __init__
    super().__init__(*args, **kwargs)
    ~~~~~~~~~~~~~~~~^^^^^^^^^^^^^^^^^
  File "c:\Users\Arthur\anaconda3\Lib\site-packages\selenium\webdriver\remote\webdriver.py", line 271, in __init__
    self.start_session(capabilities)
    ~~~~~~~~~~~~~~~~~~^^^^^^^^^^^^^^
  File "c:\Users\Arthur\anaconda3\Lib\site-packages\selenium\webdriver\remote\webdriver.py", line 366, in start_session
    response = self.execute(Command.NEW_SESSION, caps)["value"]
               ~~~~~~~~~~~~^^^^^^^^^^^^^^^^^^^^^^^^^^^
  File "c:\Users\Arthur\anaconda3\Lib\site-packages\selenium\webdriver\remote\webdriver.py", line 446, in execute
    self.error_handler.check_response(response)
    ~~~~~~~~~~~~~~~~~~~~~~~~~~~~~~~~~^^^^^^^^^^
  File "c:\Users\Arthur\anaconda3\Lib\site-packages\selenium\webdriver\remote\errorhandler.py", line 232, in check_response
    raise exception_class(message, screen, stacktrace)
selenium.common.exceptions.SessionNotCreatedException: Message: session not created: Chrome instance exited. Examine ChromeDriver verbose log to determine the cause.; For documentation on this error, please visit: https://www.selenium.dev/documentation/webdriver/troubleshooting/errors#sessionnotcreatedexception
Stacktrace:
Symbols not available. Dumping unresolved backtrace:
	0x7ff7f117aa55
	0x7ff7f0ed8630
	0x7ff7f0c6d75d
	0x7ff7f0cae182
	0x7ff7f0ca95d9
	0x7ff7f0cffc51
	0x7ff7f0cff4b6
	0x7ff7f0cb9098
	0x7ff7f0cb9f83
	0x7ff7f11a7810
	0x7ff7f11a1afd
	0x7ff7f11c2c1a
	0x7ff7f0ef3345
	0x7ff7f0efb81c
	0x7ff7f0ee1924
	0x7ff7f0ee1ad6
	0x7ff7f0ec7e47
	0x7ffcd971e8d7
	0x7ffcdabec40c

2026-02-25 17:54:14 - INFO - 
============================================================
2026-02-25 17:54:14 - INFO - RESUMO DA COLETA
2026-02-25 17:54:14 - INFO - ============================================================
2026-02-25 17:54:14 - INFO - ✓ Vídeos coletados com sucesso: 0
2026-02-25 17:54:14 - INFO - ❌ Vídeos com erro: 0
2026-02-25 17:54:14 - INFO - 📝 Total de comentários: 0
2026-02-25 17:54:14 - INFO - 💬 Total de respostas: 0
2026-02-25 17:54:14 - INFO - ⏱️  Tempo total: 0:00:47.067639
2026-02-25 17:54:14 - INFO - ✓ Coleta finalizada!
