2026-02-23 12:57:18 - INFO - Iniciando WebDriver Chrome...
2026-02-23 12:57:29 - INFO - 📁 Pasta da coleta criada: dados\coleta_20260223_125729
2026-02-23 12:57:29 - INFO - 
============================================================
2026-02-23 12:57:29 - INFO - VÍDEO 1/2
2026-02-23 12:57:29 - INFO - ============================================================
2026-02-23 12:57:29 - INFO - Video ID: sgh97pGf9Is
2026-02-23 12:57:29 - INFO - Buscando informações do vídeo...
2026-02-23 12:57:29 - INFO - ✓ Informações do vídeo obtidas
2026-02-23 12:57:29 - INFO - Buscando comentários e respostas...
2026-02-23 12:57:29 - INFO - ✓ 2 comentários coletados
2026-02-23 12:57:29 - INFO - ✓ 1 respostas coletadas
2026-02-23 12:57:29 - INFO - Buscando transcrição...
2026-02-23 12:57:32 - WARNING - ⚠️  Transcrição não disponível
2026-02-23 12:57:32 - INFO - Salvando dados coletados...
2026-02-23 12:57:32 - INFO - ✓ Dados salvos com sucesso
2026-02-23 12:57:32 - INFO - Navegando para próximo vídeo...
2026-02-23 12:57:34 - INFO - 
============================================================
2026-02-23 12:57:34 - INFO - VÍDEO 2/2
2026-02-23 12:57:34 - INFO - ============================================================
2026-02-23 12:57:34 - INFO - Video ID: iAZ1C7ei5l0
2026-02-23 12:57:34 - INFO - Buscando informações do vídeo...
2026-02-23 12:57:35 - INFO - ✓ Informações do vídeo obtidas
2026-02-23 12:57:35 - INFO - Buscando comentários e respostas...
2026-02-23 12:57:35 - INFO - ✓ 1 comentários coletados
2026-02-23 12:57:35 - INFO - ✓ 2 respostas coletadas
2026-02-23 12:57:35 - INFO - Buscando transcrição...
2026-02-23 12:57:37 - WARNING - ⚠️  Transcrição não disponível
2026-02-23 12:57:37 - INFO - Salvando dados coletados...
2026-02-23 12:57:37 - INFO - ✓ Dados salvos com sucesso
2026-02-23 12:57:37 - INFO - Navegando para próximo vídeo...
2026-02-23 12:57:39 - INFO - 
============================================================
2026-02-23 12:57:39 - INFO - RESUMO DA COLETA
2026-02-23 12:57:39 - INFO - ============================================================
2026-02-23 12:57:39 - INFO - ✓ Vídeos coletados com sucesso: 2
2026-02-23 12:57:39 - INFO - ❌ Vídeos com erro: 0
2026-02-23 12:57:39 - INFO - 📝 Total de comentários: 3
2026-02-23 12:57:39 - INFO - 💬 Total de respostas: 3
2026-02-23 12:57:39 - INFO - ⏱️  Tempo total: 0:00:21.668420
2026-02-23 12:57:39 - INFO - 📁 Dados salvos em: dados\coleta_20260223_125729
2026-02-23 12:57:39 - INFO - ✓ Coleta finalizada com sucesso!
2026-02-23 12:57:39 - INFO - Fechando WebDriver...
