2026-02-25 18:55:05 - INFO - Iniciando WebDriver Chrome...
2026-02-25 18:55:16 - INFO - 📁 Pasta da coleta criada: dados\coleta_20260225_185516
2026-02-25 18:55:16 - INFO - 
============================================================
2026-02-25 18:55:16 - INFO - VÍDEO 1/2
2026-02-25 18:55:16 - INFO - ============================================================
2026-02-25 18:55:16 - ERROR - ❌ Erro ao processar vídeo: Message: invalid session id: session deleted as the browser has closed the connection
from disconnected: not connected to DevTools
  (Session info: chrome=145.0.7632.116); For documentation on this error, please visit: https://www.selenium.dev/documentation/webdriver/troubleshooting/errors#invalidsessionidexception
Stacktrace:
Symbols not available. Dumping unresolved backtrace:
	0x7ff6bbb7aa55
	0x7ff6bb8d8630
	0x7ff6bb66d75d
	0x7ff6bb658c72
	0x7ff6bb67f015
	0x7ff6bb6f90e0
	0x7ff6bb715282
	0x7ff6bb6b9098
	0x7ff6bb6b9f83
	0x7ff6bbba7810
	0x7ff6bbba1afd
	0x7ff6bbbc2c1a
	0x7ff6bb8f3345
	0x7ff6bb8fb81c
	0x7ff6bb8e1924
	0x7ff6bb8e1ad6
	0x7ff6bb8c7e47
	0x7ffd7138e8d7
	0x7ffd72f6c40c
Traceback (most recent call last):
  File "<ipython-input-2-c2864b68ce0a>", line 65, in collect_video_data
    url_atual = driver.current_url
                ^^^^^^^^^^^^^^^^^^
  File "c:\Users\Arthur\anaconda3\Lib\site-packages\selenium\webdriver\remote\webdriver.py", line 556, in current_url
    return self.execute(Command.GET_CURRENT_URL)["value"]
           ~~~~~~~~~~~~^^^^^^^^^^^^^^^^^^^^^^^^^
  File "c:\Users\Arthur\anaconda3\Lib\site-packages\selenium\webdriver\remote\webdriver.py", line 446, in execute
    self.error_handler.check_response(response)
    ~~~~~~~~~~~~~~~~~~~~~~~~~~~~~~~~~^^^^^^^^^^
  File "c:\Users\Arthur\anaconda3\Lib\site-packages\selenium\webdriver\remote\errorhandler.py", line 232, in check_response
    raise exception_class(message, screen, stacktrace)
selenium.common.exceptions.InvalidSessionIdException: Message: invalid session id: session deleted as the browser has closed the connection
from disconnected: not connected to DevTools
  (Session info: chrome=145.0.7632.116); For documentation on this error, please visit: https://www.selenium.dev/documentation/webdriver/troubleshooting/errors#invalidsessionidexception
Stacktrace:
Symbols not available. Dumping unresolved backtrace:
	0x7ff6bbb7aa55
	0x7ff6bb8d8630
	0x7ff6bb66d75d
	0x7ff6bb658c72
	0x7ff6bb67f015
	0x7ff6bb6f90e0
	0x7ff6bb715282
	0x7ff6bb6b9098
	0x7ff6bb6b9f83
	0x7ff6bbba7810
	0x7ff6bbba1afd
	0x7ff6bbbc2c1a
	0x7ff6bb8f3345
	0x7ff6bb8fb81c
	0x7ff6bb8e1924
	0x7ff6bb8e1ad6
	0x7ff6bb8c7e47
	0x7ffd7138e8d7
	0x7ffd72f6c40c

2026-02-25 18:55:16 - WARNING - Interrompendo coleta após erro no vídeo 1
2026-02-25 18:55:16 - INFO - 
============================================================
2026-02-25 18:55:16 - INFO - VÍDEO 2/2
2026-02-25 18:55:16 - INFO - ============================================================
2026-02-25 18:55:16 - ERROR - ❌ Erro ao processar vídeo: Message: invalid session id; For documentation on this error, please visit: https://www.selenium.dev/documentation/webdriver/troubleshooting/errors#invalidsessionidexception
Stacktrace:
Symbols not available. Dumping unresolved backtrace:
	0x7ff6bbb7aa55
	0x7ff6bb8d8630
	0x7ff6bb66d546
	0x7ff6bb6b8113
	0x7ff6bb6f18e2
	0x7ff6bb6ebb11
	0x7ff6bb6eadc3
	0x7ff6bb636505
	0x7ff6bbba7810
	0x7ff6bbba1afd
	0x7ff6bbbc2c1a
	0x7ff6bb8f3345
	0x7ff6bb8fb81c
	0x7ff6bb63536a
	0x7ff6bbd02b08
	0x7ffd7138e8d7
	0x7ffd72f6c40c
Traceback (most recent call last):
  File "<ipython-input-2-c2864b68ce0a>", line 65, in collect_video_data
    url_atual = driver.current_url
                ^^^^^^^^^^^^^^^^^^
  File "c:\Users\Arthur\anaconda3\Lib\site-packages\selenium\webdriver\remote\webdriver.py", line 556, in current_url
    return self.execute(Command.GET_CURRENT_URL)["value"]
           ~~~~~~~~~~~~^^^^^^^^^^^^^^^^^^^^^^^^^
  File "c:\Users\Arthur\anaconda3\Lib\site-packages\selenium\webdriver\remote\webdriver.py", line 446, in execute
    self.error_handler.check_response(response)
    ~~~~~~~~~~~~~~~~~~~~~~~~~~~~~~~~~^^^^^^^^^^
  File "c:\Users\Arthur\anaconda3\Lib\site-packages\selenium\webdriver\remote\errorhandler.py", line 232, in check_response
    raise exception_class(message, screen, stacktrace)
selenium.common.exceptions.InvalidSessionIdException: Message: invalid session id; For documentation on this error, please visit: https://www.selenium.dev/documentation/webdriver/troubleshooting/errors#invalidsessionidexception
Stacktrace:
Symbols not available. Dumping unresolved backtrace:
	0x7ff6bbb7aa55
	0x7ff6bb8d8630
	0x7ff6bb66d546
	0x7ff6bb6b8113
	0x7ff6bb6f18e2
	0x7ff6bb6ebb11
	0x7ff6bb6eadc3
	0x7ff6bb636505
	0x7ff6bbba7810
	0x7ff6bbba1afd
	0x7ff6bbbc2c1a
	0x7ff6bb8f3345
	0x7ff6bb8fb81c
	0x7ff6bb63536a
	0x7ff6bbd02b08
	0x7ffd7138e8d7
	0x7ffd72f6c40c

2026-02-25 18:55:16 - WARNING - Interrompendo coleta após erro no vídeo 2
2026-02-25 18:55:16 - INFO - Fechando WebDriver...
2026-02-25 18:55:18 - INFO - 
============================================================
2026-02-25 18:55:18 - INFO - RESUMO DA COLETA
2026-02-25 18:55:18 - INFO - ============================================================
2026-02-25 18:55:18 - INFO - ✓ Vídeos coletados com sucesso: 0
2026-02-25 18:55:18 - INFO - ❌ Vídeos com erro: 2
2026-02-25 18:55:18 - INFO - 📝 Total de comentários: 0
2026-02-25 18:55:18 - INFO - 💬 Total de respostas: 0
2026-02-25 18:55:18 - INFO - ⏱️  Tempo total: 0:00:12.554217
2026-02-25 18:55:18 - INFO - 📁 Dados salvos em: dados\coleta_20260225_185516
2026-02-25 18:55:18 - INFO - ✓ Coleta finalizada!
