2026-02-23 13:20:12 - INFO - Iniciando WebDriver Chrome...
2026-02-23 13:20:23 - INFO - 📁 Pasta da coleta criada: dados\coleta_20260223_132023
2026-02-23 13:20:23 - INFO - 
============================================================
2026-02-23 13:20:23 - INFO - VÍDEO 1/2
2026-02-23 13:20:23 - INFO - ============================================================
2026-02-23 13:20:23 - INFO - Video ID: VhTBD_LyBjw
2026-02-23 13:20:23 - INFO - Buscando informações do vídeo...
2026-02-23 13:20:24 - INFO - ✓ Informações do vídeo obtidas
2026-02-23 13:20:24 - INFO - Buscando comentários e respostas...
2026-02-23 13:20:25 - INFO - ✓ 168 comentários coletados
2026-02-23 13:20:25 - INFO - ✓ 21 respostas coletadas
2026-02-23 13:20:25 - INFO - Buscando transcrição...
2026-02-23 13:21:10 - INFO - ✓ Transcrição obtida (9505 caracteres)
2026-02-23 13:21:10 - INFO - Salvando dados coletados...
2026-02-23 13:21:10 - INFO - ✓ Dados salvos com sucesso
2026-02-23 13:21:10 - INFO - Navegando para próximo vídeo...
2026-02-23 13:21:13 - INFO - 
============================================================
2026-02-23 13:21:13 - INFO - VÍDEO 2/2
2026-02-23 13:21:13 - INFO - ============================================================
2026-02-23 13:21:13 - INFO - Video ID: O7P0VyJXVjk
2026-02-23 13:21:13 - INFO - Buscando informações do vídeo...
2026-02-23 13:21:13 - INFO - ✓ Informações do vídeo obtidas
2026-02-23 13:21:13 - INFO - Buscando comentários e respostas...
2026-02-23 13:21:21 - INFO - ✓ 1817 comentários coletados
2026-02-23 13:21:21 - INFO - ✓ 97 respostas coletadas
2026-02-23 13:21:21 - INFO - Buscando transcrição...
2026-02-23 13:22:11 - INFO - ✓ Transcrição obtida (8718 caracteres)
2026-02-23 13:22:11 - INFO - Salvando dados coletados...
2026-02-23 13:22:11 - INFO - ✓ Dados salvos com sucesso
2026-02-23 13:22:11 - INFO - Navegando para próximo vídeo...
2026-02-23 13:22:14 - INFO - 
============================================================
2026-02-23 13:22:14 - INFO - RESUMO DA COLETA
2026-02-23 13:22:14 - INFO - ============================================================
2026-02-23 13:22:14 - INFO - ✓ Vídeos coletados com sucesso: 2
2026-02-23 13:22:14 - INFO - ❌ Vídeos com erro: 0
2026-02-23 13:22:14 - INFO - 📝 Total de comentários: 1985
2026-02-23 13:22:14 - INFO - 💬 Total de respostas: 118
2026-02-23 13:22:14 - INFO - ⏱️  Tempo total: 0:02:01.873950
2026-02-23 13:22:14 - INFO - 📁 Dados salvos em: dados\coleta_20260223_132023
2026-02-23 13:22:14 - INFO - ✓ Coleta finalizada com sucesso!
2026-02-23 13:22:14 - INFO - Fechando WebDriver...
