2026-03-04 17:44:32 - INFO - Iniciando WebDriver Chrome...
2026-03-04 17:44:40 - INFO - 📁 Pasta da coleta criada: dados\coleta_20260304_174440
2026-03-04 17:44:40 - INFO - ⏱️  Coleta iniciada. Duração máxima: 1h
2026-03-04 17:44:40 - INFO - 🏁 Término previsto: 18:44:32
2026-03-04 17:44:40 - INFO - ⏳ Tempo restante: 59.9 min
2026-03-04 17:44:40 - INFO - 
============================================================
2026-03-04 17:44:40 - INFO - VÍDEO 1 | Tempo decorrido: 0.1 min / 60 min
2026-03-04 17:44:40 - INFO - ============================================================
2026-03-04 17:44:40 - INFO - Video ID: GHedkI8gGu0
2026-03-04 17:44:40 - INFO - Buscando informações do vídeo...
2026-03-04 17:44:40 - INFO - ✓ Informações do vídeo obtidas
2026-03-04 17:44:40 - INFO - Buscando comentários e respostas...
2026-03-04 17:44:40 - INFO - Buscando comentários - página 1...
2026-03-04 17:44:40 - INFO - Buscando comentários - página 2...
2026-03-04 17:44:41 - INFO - Buscando comentários - página 3...
2026-03-04 17:44:41 - INFO - Buscando comentários - página 4...
2026-03-04 17:44:42 - INFO - Buscando comentários - página 5...
2026-03-04 17:44:42 - INFO - Buscando comentários - página 6...
2026-03-04 17:44:43 - INFO - Buscando comentários - página 7...
2026-03-04 17:44:43 - INFO - Buscando comentários - página 8...
2026-03-04 17:44:43 - INFO - Buscando comentários - página 9...
2026-03-04 17:44:44 - INFO - Buscando comentários - página 10...
2026-03-04 17:44:44 - INFO - Buscando comentários - página 11...
2026-03-04 17:44:44 - INFO - Buscando comentários - página 12...
2026-03-04 17:44:45 - INFO - Buscando comentários - página 13...
2026-03-04 17:44:45 - INFO - Buscando comentários - página 14...
2026-03-04 17:44:45 - INFO - Buscando comentários - página 15...
2026-03-04 17:44:46 - INFO - Buscando comentários - página 16...
2026-03-04 17:44:46 - INFO - Total de comentários coletados: 1588
2026-03-04 17:44:46 - INFO - ✓ 1588 comentários coletados
2026-03-04 17:44:46 - INFO - ✓ 106 respostas coletadas
2026-03-04 17:44:46 - INFO - Salvando dados coletados (sem transcrição)...
2026-03-04 17:44:46 - INFO - ✓ Dados salvos em: dados\coleta_20260304_174440\video_1_GHedkI8gGu0
2026-03-04 17:44:46 - INFO -   - dados.json
2026-03-04 17:44:46 - INFO -   - dados_raw.json
2026-03-04 17:44:46 - INFO -   - dados.txt
2026-03-04 17:44:46 - INFO -   - video.csv
2026-03-04 17:44:46 - INFO -   - comentarios.csv (1588 comentários)
2026-03-04 17:44:46 - INFO -   - respostas.csv (106 respostas)
2026-03-04 17:44:46 - INFO - ✓ Dados salvos com sucesso
2026-03-04 17:44:46 - INFO - Navegando para próximo vídeo...
2026-03-04 17:47:47 - INFO - ⏳ Tempo restante: 56.8 min
2026-03-04 17:47:47 - INFO - 
============================================================
2026-03-04 17:47:47 - INFO - VÍDEO 2 | Tempo decorrido: 3.2 min / 60 min
2026-03-04 17:47:47 - INFO - ============================================================
2026-03-04 17:47:47 - INFO - Video ID: _FW6-wr0xnM
2026-03-04 17:47:47 - INFO - Buscando informações do vídeo...
2026-03-04 17:47:47 - INFO - ✓ Informações do vídeo obtidas
2026-03-04 17:47:47 - INFO - Buscando comentários e respostas...
2026-03-04 17:47:47 - INFO - Buscando comentários - página 1...
2026-03-04 17:47:48 - INFO - Buscando comentários - página 2...
2026-03-04 17:47:49 - INFO - Buscando comentários - página 3...
2026-03-04 17:47:50 - INFO - Buscando comentários - página 4...
2026-03-04 17:47:51 - INFO - Buscando comentários - página 5...
2026-03-04 17:47:51 - INFO - Buscando comentários - página 6...
2026-03-04 17:47:52 - INFO - Buscando comentários - página 7...
2026-03-04 17:47:53 - INFO - Buscando comentários - página 8...
2026-03-04 17:47:53 - INFO - Buscando comentários - página 9...
2026-03-04 17:47:54 - INFO - Buscando comentários - página 10...
2026-03-04 17:47:54 - INFO - Buscando comentários - página 11...
2026-03-04 17:47:55 - INFO - Buscando comentários - página 12...
2026-03-04 17:47:55 - INFO - Buscando comentários - página 13...
2026-03-04 17:47:56 - INFO - Buscando comentários - página 14...
2026-03-04 17:47:56 - INFO - Buscando comentários - página 15...
2026-03-04 17:47:57 - INFO - Total de comentários coletados: 1451
2026-03-04 17:47:57 - INFO - ✓ 1451 comentários coletados
2026-03-04 17:47:57 - INFO - ✓ 124 respostas coletadas
2026-03-04 17:47:57 - INFO - Salvando dados coletados (sem transcrição)...
2026-03-04 17:47:57 - INFO - ✓ Dados salvos em: dados\coleta_20260304_174440\video_2__FW6-wr0xnM
2026-03-04 17:47:57 - INFO -   - dados.json
2026-03-04 17:47:57 - INFO -   - dados_raw.json
2026-03-04 17:47:57 - INFO -   - dados.txt
2026-03-04 17:47:57 - INFO -   - video.csv
2026-03-04 17:47:57 - INFO -   - comentarios.csv (1451 comentários)
2026-03-04 17:47:57 - INFO -   - respostas.csv (124 respostas)
2026-03-04 17:47:57 - INFO - ✓ Dados salvos com sucesso
2026-03-04 17:47:57 - INFO - Navegando para próximo vídeo...
2026-03-04 17:50:58 - INFO - Fechando WebDriver...
