2026-02-25 17:17:19 - INFO - Iniciando WebDriver Chrome...
2026-02-25 17:18:21 - ERROR - ❌ Erro no WebDriver: Message: session not created: DevToolsActivePort file doesn't exist; For documentation on this error, please visit: https://www.selenium.dev/documentation/webdriver/troubleshooting/errors#sessionnotcreatedexception
Stacktrace:
Symbols not available. Dumping unresolved backtrace:
	0x7ff7f117aa55
	0x7ff7f0ed8630
	0x7ff7f0c6d75d
	0x7ff7f0cb3ad6
	0x7ff7f0caef31
	0x7ff7f0ca95d9
	0x7ff7f0cffc51
	0x7ff7f0cff4b6
	0x7ff7f0cb9098
	0x7ff7f0cb9f83
	0x7ff7f11a7810
	0x7ff7f11a1afd
	0x7ff7f11c2c1a
	0x7ff7f0ef3345
	0x7ff7f0efb81c
	0x7ff7f0ee1924
	0x7ff7f0ee1ad6
	0x7ff7f0ec7e47
	0x7ffcd971e8d7
	0x7ffcdabec40c
Traceback (most recent call last):
  File "<ipython-input-1-1b4831809777>", line 155, in main
    driver = webdriver.Chrome(opts)
  File "c:\Users\Arthur\anaconda3\Lib\site-packages\selenium\webdriver\chrome\webdriver.py", line 45, in __init__
    super().__init__(
    ~~~~~~~~~~~~~~~~^
        browser_name=DesiredCapabilities.CHROME["browserName"],
        ^^^^^^^^^^^^^^^^^^^^^^^^^^^^^^^^^^^^^^^^^^^^^^^^^^^^^^^
    ...<3 lines>...
        keep_alive=keep_alive,
        ^^^^^^^^^^^^^^^^^^^^^^
    )
    ^
  File "c:\Users\Arthur\anaconda3\Lib\site-packages\selenium\webdriver\chromium\webdriver.py", line 66, in __init__
    super().__init__(command_executor=executor, options=self.options)
    ~~~~~~~~~~~~~~~~^^^^^^^^^^^^^^^^^^^^^^^^^^^^^^^^^^^^^^^^^^^^^^^^^
  File "c:\Users\Arthur\anaconda3\Lib\site-packages\selenium\webdriver\common\webdriver.py", line 25, in __init__
    super().__init__(*args, **kwargs)
    ~~~~~~~~~~~~~~~~^^^^^^^^^^^^^^^^^
  File "c:\Users\Arthur\anaconda3\Lib\site-packages\selenium\webdriver\remote\webdriver.py", line 271, in __init__
    self.start_session(capabilities)
    ~~~~~~~~~~~~~~~~~~^^^^^^^^^^^^^^
  File "c:\Users\Arthur\anaconda3\Lib\site-packages\selenium\webdriver\remote\webdriver.py", line 366, in start_session
    response = self.execute(Command.NEW_SESSION, caps)["value"]
               ~~~~~~~~~~~~^^^^^^^^^^^^^^^^^^^^^^^^^^^
  File "c:\Users\Arthur\anaconda3\Lib\site-packages\selenium\webdriver\remote\webdriver.py", line 446, in execute
    self.error_handler.check_response(response)
    ~~~~~~~~~~~~~~~~~~~~~~~~~~~~~~~~~^^^^^^^^^^
  File "c:\Users\Arthur\anaconda3\Lib\site-packages\selenium\webdriver\remote\errorhandler.py", line 232, in check_response
    raise exception_class(message, screen, stacktrace)
selenium.common.exceptions.SessionNotCreatedException: Message: session not created: DevToolsActivePort file doesn't exist; For documentation on this error, please visit: https://www.selenium.dev/documentation/webdriver/troubleshooting/errors#sessionnotcreatedexception
Stacktrace:
Symbols not available. Dumping unresolved backtrace:
	0x7ff7f117aa55
	0x7ff7f0ed8630
	0x7ff7f0c6d75d
	0x7ff7f0cb3ad6
	0x7ff7f0caef31
	0x7ff7f0ca95d9
	0x7ff7f0cffc51
	0x7ff7f0cff4b6
	0x7ff7f0cb9098
	0x7ff7f0cb9f83
	0x7ff7f11a7810
	0x7ff7f11a1afd
	0x7ff7f11c2c1a
	0x7ff7f0ef3345
	0x7ff7f0efb81c
	0x7ff7f0ee1924
	0x7ff7f0ee1ad6
	0x7ff7f0ec7e47
	0x7ffcd971e8d7
	0x7ffcdabec40c

2026-02-25 17:18:22 - INFO - 
============================================================
2026-02-25 17:18:22 - INFO - RESUMO DA COLETA
2026-02-25 17:18:22 - INFO - ============================================================
2026-02-25 17:18:22 - INFO - ✓ Vídeos coletados com sucesso: 0
2026-02-25 17:18:22 - INFO - ❌ Vídeos com erro: 0
2026-02-25 17:18:22 - INFO - 📝 Total de comentários: 0
2026-02-25 17:18:22 - INFO - 💬 Total de respostas: 0
2026-02-25 17:18:22 - INFO - ⏱️  Tempo total: 0:01:02.320014
2026-02-25 17:18:22 - INFO - ✓ Coleta finalizada!
2026-02-25 17:21:10 - INFO - Iniciando WebDriver Chrome...
2026-02-25 17:21:19 - INFO - 📁 Pasta da coleta criada: dados\coleta_20260225_172119
2026-02-25 17:21:19 - INFO - 
============================================================
2026-02-25 17:21:19 - INFO - VÍDEO 1/2
2026-02-25 17:21:19 - INFO - ============================================================
2026-02-25 17:21:19 - INFO - Video ID: IWzw0eA1u6U
2026-02-25 17:21:19 - INFO - Buscando informações do vídeo...
2026-02-25 17:21:19 - INFO - ✓ Informações do vídeo obtidas
2026-02-25 17:21:19 - INFO - Buscando comentários e respostas...
2026-02-25 17:21:19 - INFO - Buscando comentários - página 1...
2026-02-25 17:21:20 - INFO - Buscando comentários - página 2...
2026-02-25 17:21:20 - INFO - Buscando comentários - página 3...
2026-02-25 17:21:21 - INFO - Buscando comentários - página 4...
2026-02-25 17:21:21 - INFO - Buscando comentários - página 5...
2026-02-25 17:21:22 - INFO - Fechando WebDriver...
