2026-02-23 15:25:46 - INFO - Iniciando WebDriver Chrome...
2026-02-23 15:25:57 - INFO - 📁 Pasta da coleta criada: dados\coleta_20260223_152557
2026-02-23 15:25:57 - INFO - 
============================================================
2026-02-23 15:25:57 - INFO - VÍDEO 1/2
2026-02-23 15:25:57 - INFO - ============================================================
2026-02-23 15:25:57 - INFO - Video ID: 2j1B7fYBl-8
2026-02-23 15:25:57 - INFO - Buscando informações do vídeo...
2026-02-23 15:25:57 - INFO - ✓ Informações do vídeo obtidas
2026-02-23 15:25:57 - INFO - Buscando comentários e respostas...
2026-02-23 15:25:58 - INFO - ✓ 4 comentários coletados
2026-02-23 15:25:58 - INFO - ✓ 1 respostas coletadas
2026-02-23 15:25:58 - INFO - Buscando transcrição...
2026-02-23 15:27:11 - INFO - ✓ Transcrição obtida (13343 caracteres)
2026-02-23 15:27:11 - INFO - Salvando dados coletados...
2026-02-23 15:27:11 - INFO - ✓ Dados salvos com sucesso
2026-02-23 15:27:11 - INFO - Navegando para próximo vídeo...
2026-02-23 15:27:21 - WARNING - ⚠️  Não foi possível navegar para próximo vídeo: Message: 

2026-02-23 15:27:21 - WARNING - Interrompendo coleta após erro no vídeo 1
2026-02-23 15:27:21 - INFO - 
============================================================
2026-02-23 15:27:21 - INFO - VÍDEO 2/2
2026-02-23 15:27:21 - INFO - ============================================================
2026-02-23 15:27:21 - INFO - Video ID: 2j1B7fYBl-8
2026-02-23 15:27:22 - INFO - Buscando informações do vídeo...
2026-02-23 15:27:22 - INFO - ✓ Informações do vídeo obtidas
2026-02-23 15:27:22 - INFO - Buscando comentários e respostas...
2026-02-23 15:27:22 - INFO - ✓ 4 comentários coletados
2026-02-23 15:27:22 - INFO - ✓ 1 respostas coletadas
2026-02-23 15:27:22 - INFO - Buscando transcrição...
2026-02-23 15:28:01 - INFO - ✓ Transcrição obtida (13869 caracteres)
2026-02-23 15:28:01 - INFO - Salvando dados coletados...
2026-02-23 15:28:01 - INFO - ✓ Dados salvos com sucesso
2026-02-23 15:28:01 - INFO - Navegando para próximo vídeo...
2026-02-23 15:28:01 - ERROR - ❌ Erro ao processar vídeo: Message: invalid session id: session deleted as the browser has closed the connection
from disconnected: not connected to DevTools
  (Session info: chrome=145.0.7632.76); For documentation on this error, please visit: https://www.selenium.dev/documentation/webdriver/troubleshooting/errors#invalidsessionidexception
Stacktrace:
Symbols not available. Dumping unresolved backtrace:
	0x7ff7d62d4435
	0x7ff7d62d4490
	0x7ff7d606d49d
	0x7ff7d60589b2
	0x7ff7d607ed75
	0x7ff7d60f8ec0
	0x7ff7d6115072
	0x7ff7d60b8e38
	0x7ff7d60b9d23
	0x7ff7d65a3b30
	0x7ff7d659e3b8
	0x7ff7d65be72a
	0x7ff7d62f07e5
	0x7ff7d62f978c
	0x7ff7d62dd794
	0x7ff7d62dd946
	0x7ff7d62c3457
	0x7ff91d1ce8d7
	0x7ff91e74c40c
Traceback (most recent call last):
  File "<ipython-input-1-9a1cac9167c5>", line 119, in collect_video_data
    driver.find_element(By.TAG_NAME, "body").send_keys(Keys.ARROW_DOWN)
    ~~~~~~~~~~~~~~~~~~~^^^^^^^^^^^^^^^^^^^^^
  File "c:\Users\Arthur\anaconda3\Lib\site-packages\selenium\webdriver\remote\webdriver.py", line 816, in find_element
    return self.execute(Command.FIND_ELEMENT, {"using": by, "value": value})["value"]
           ~~~~~~~~~~~~^^^^^^^^^^^^^^^^^^^^^^^^^^^^^^^^^^^^^^^^^^^^^^^^^^^^^
  File "c:\Users\Arthur\anaconda3\Lib\site-packages\selenium\webdriver\remote\webdriver.py", line 446, in execute
    self.error_handler.check_response(response)
    ~~~~~~~~~~~~~~~~~~~~~~~~~~~~~~~~~^^^^^^^^^^
  File "c:\Users\Arthur\anaconda3\Lib\site-packages\selenium\webdriver\remote\errorhandler.py", line 232, in check_response
    raise exception_class(message, screen, stacktrace)
selenium.common.exceptions.InvalidSessionIdException: Message: invalid session id: session deleted as the browser has closed the connection
from disconnected: not connected to DevTools
  (Session info: chrome=145.0.7632.76); For documentation on this error, please visit: https://www.selenium.dev/documentation/webdriver/troubleshooting/errors#invalidsessionidexception
Stacktrace:
Symbols not available. Dumping unresolved backtrace:
	0x7ff7d62d4435
	0x7ff7d62d4490
	0x7ff7d606d49d
	0x7ff7d60589b2
	0x7ff7d607ed75
	0x7ff7d60f8ec0
	0x7ff7d6115072
	0x7ff7d60b8e38
	0x7ff7d60b9d23
	0x7ff7d65a3b30
	0x7ff7d659e3b8
	0x7ff7d65be72a
	0x7ff7d62f07e5
	0x7ff7d62f978c
	0x7ff7d62dd794
	0x7ff7d62dd946
	0x7ff7d62c3457
	0x7ff91d1ce8d7
	0x7ff91e74c40c

2026-02-23 15:28:01 - WARNING - Interrompendo coleta após erro no vídeo 2
2026-02-23 15:28:01 - INFO - 
============================================================
2026-02-23 15:28:01 - INFO - RESUMO DA COLETA
2026-02-23 15:28:01 - INFO - ============================================================
2026-02-23 15:28:01 - INFO - ✓ Vídeos coletados com sucesso: 2
2026-02-23 15:28:01 - INFO - ❌ Vídeos com erro: 1
2026-02-23 15:28:01 - INFO - 📝 Total de comentários: 8
2026-02-23 15:28:01 - INFO - 💬 Total de respostas: 2
2026-02-23 15:28:01 - INFO - ⏱️  Tempo total: 0:02:14.588153
2026-02-23 15:28:01 - INFO - 📁 Dados salvos em: dados\coleta_20260223_152557
2026-02-23 15:28:01 - INFO - ✓ Coleta finalizada com sucesso!
2026-02-23 15:28:01 - INFO - Fechando WebDriver...
