2026-02-26 17:22:43 - INFO - Iniciando WebDriver Chrome...
2026-02-26 17:22:50 - INFO - 📁 Pasta da coleta criada: dados\coleta_20260226_172250
2026-02-26 17:22:50 - INFO - 
============================================================
2026-02-26 17:22:50 - INFO - VÍDEO 1/2
2026-02-26 17:22:50 - INFO - ============================================================
2026-02-26 17:22:50 - INFO - Video ID: lq2r8Vk6F7Y
2026-02-26 17:22:50 - INFO - Buscando informações do vídeo...
2026-02-26 17:22:50 - INFO - ✓ Informações do vídeo obtidas
2026-02-26 17:22:50 - INFO - Buscando comentários e respostas...
2026-02-26 17:22:50 - INFO - Buscando comentários - página 1...
2026-02-26 17:22:50 - INFO - Buscando comentários - página 2...
2026-02-26 17:22:51 - INFO - Total de comentários coletados: 130
2026-02-26 17:22:51 - INFO - ✓ 130 comentários coletados
2026-02-26 17:22:51 - INFO - ✓ 26 respostas coletadas
2026-02-26 17:22:51 - INFO - Salvando dados coletados (sem transcrição)...
2026-02-26 17:22:51 - INFO - ✓ Dados salvos em: dados\coleta_20260226_172250\video_1_lq2r8Vk6F7Y
2026-02-26 17:22:51 - INFO -   - dados.json
2026-02-26 17:22:51 - INFO -   - dados_raw.json
2026-02-26 17:22:51 - INFO -   - dados.txt
2026-02-26 17:22:51 - INFO -   - video.csv
2026-02-26 17:22:51 - INFO -   - comentarios.csv (130 comentários)
2026-02-26 17:22:51 - INFO -   - respostas.csv (26 respostas)
2026-02-26 17:22:51 - INFO - ✓ Dados salvos com sucesso
2026-02-26 17:22:51 - INFO - Navegando para próximo vídeo...
2026-02-26 17:22:53 - INFO - 
============================================================
2026-02-26 17:22:53 - INFO - VÍDEO 2/2
2026-02-26 17:22:53 - INFO - ============================================================
2026-02-26 17:22:53 - INFO - Video ID: 7lFqJoubRNU
2026-02-26 17:22:53 - INFO - Buscando informações do vídeo...
2026-02-26 17:22:54 - INFO - ✓ Informações do vídeo obtidas
2026-02-26 17:22:54 - INFO - Buscando comentários e respostas...
2026-02-26 17:22:54 - INFO - Buscando comentários - página 1...
2026-02-26 17:22:54 - INFO - Total de comentários coletados: 17
2026-02-26 17:22:54 - INFO - ✓ 17 comentários coletados
2026-02-26 17:22:54 - INFO - ✓ 2 respostas coletadas
2026-02-26 17:22:54 - INFO - Salvando dados coletados (sem transcrição)...
2026-02-26 17:22:54 - INFO - ✓ Dados salvos em: dados\coleta_20260226_172250\video_2_7lFqJoubRNU
2026-02-26 17:22:54 - INFO -   - dados.json
2026-02-26 17:22:54 - INFO -   - dados_raw.json
2026-02-26 17:22:54 - INFO -   - dados.txt
2026-02-26 17:22:54 - INFO -   - video.csv
2026-02-26 17:22:54 - INFO -   - comentarios.csv (17 comentários)
2026-02-26 17:22:54 - INFO -   - respostas.csv (2 respostas)
2026-02-26 17:22:54 - INFO - ✓ Dados salvos com sucesso
2026-02-26 17:22:54 - INFO - Navegando para próximo vídeo...
2026-02-26 17:22:54 - INFO - Fechando WebDriver...
