2026-02-23 12:49:24 - INFO - Iniciando validação de credenciais...
2026-02-23 12:49:24 - INFO - ✓ Todas as credenciais validadas
2026-02-23 12:49:24 - INFO - Iniciando WebDriver Chrome...
2026-02-23 12:49:34 - INFO - 📁 Pasta da coleta criada: dados\coleta_20260223_124934
2026-02-23 12:49:34 - INFO - 
============================================================
2026-02-23 12:49:34 - INFO - VÍDEO 1/2
2026-02-23 12:49:34 - INFO - ============================================================
2026-02-23 12:49:34 - INFO - Video ID: pqtlwbRf6V0
2026-02-23 12:49:34 - INFO - Buscando informações do vídeo...
2026-02-23 12:49:35 - INFO - ✓ Informações do vídeo obtidas
2026-02-23 12:49:35 - INFO - Buscando comentários e respostas...
2026-02-23 12:49:35 - INFO - ✓ 2 comentários coletados
2026-02-23 12:49:35 - INFO - ✓ 1 respostas coletadas
2026-02-23 12:49:35 - INFO - Buscando transcrição...
2026-02-23 12:49:35 - WARNING - ⚠️  Transcrição não disponível
2026-02-23 12:49:35 - INFO - Salvando dados coletados...
2026-02-23 12:49:35 - INFO - ✓ Dados salvos com sucesso
2026-02-23 12:49:35 - INFO - Navegando para próximo vídeo...
2026-02-23 12:49:37 - INFO - 
============================================================
2026-02-23 12:49:37 - INFO - VÍDEO 2/2
2026-02-23 12:49:37 - INFO - ============================================================
2026-02-23 12:49:37 - INFO - Video ID: 4TcHz0Fl7WM
2026-02-23 12:49:37 - INFO - Buscando informações do vídeo...
2026-02-23 12:49:38 - INFO - ✓ Informações do vídeo obtidas
2026-02-23 12:49:38 - INFO - Buscando comentários e respostas...
2026-02-23 12:49:38 - INFO - ✓ 2 comentários coletados
2026-02-23 12:49:38 - INFO - ✓ 1 respostas coletadas
2026-02-23 12:49:38 - INFO - Buscando transcrição...
2026-02-23 12:49:38 - WARNING - ⚠️  Transcrição não disponível
2026-02-23 12:49:38 - INFO - Salvando dados coletados...
2026-02-23 12:49:38 - INFO - ✓ Dados salvos com sucesso
2026-02-23 12:49:38 - INFO - Navegando para próximo vídeo...
2026-02-23 12:49:41 - INFO - 
============================================================
2026-02-23 12:49:41 - INFO - RESUMO DA COLETA
2026-02-23 12:49:41 - INFO - ============================================================
2026-02-23 12:49:41 - INFO - ✓ Vídeos coletados com sucesso: 2
2026-02-23 12:49:41 - INFO - ❌ Vídeos com erro: 0
2026-02-23 12:49:41 - INFO - 📝 Total de comentários: 4
2026-02-23 12:49:41 - INFO - 💬 Total de respostas: 2
2026-02-23 12:49:41 - INFO - ⏱️  Tempo total: 0:00:16.955696
2026-02-23 12:49:41 - INFO - 📁 Dados salvos em: dados\coleta_20260223_124934
2026-02-23 12:49:41 - INFO - ✓ Coleta finalizada com sucesso!
2026-02-23 12:49:41 - INFO - Fechando WebDriver...
