2026-03-05 15:58:32 - INFO - Iniciando WebDriver Chrome...
2026-03-05 15:58:42 - INFO - 📁 Pasta da coleta criada: dados\coleta_20260305_155842
2026-03-05 15:58:42 - INFO - ⏱️  Coleta iniciada. Duração máxima: 1h
2026-03-05 15:58:42 - INFO - 🏁 Término previsto: 16:58:32
2026-03-05 15:58:42 - INFO - ⏳ Tempo restante: 59.8 min
2026-03-05 15:58:42 - INFO - 
============================================================
2026-03-05 15:58:42 - INFO - VÍDEO 1 | Tempo decorrido: 0.2 min / 60 min
2026-03-05 15:58:42 - INFO - ============================================================
2026-03-05 15:58:42 - INFO - Video ID: GHedkI8gGu0
2026-03-05 15:58:42 - INFO - Buscando informações do vídeo...
2026-03-05 15:58:42 - INFO - ✓ Informações do vídeo obtidas
2026-03-05 15:58:42 - INFO - Buscando comentários e respostas...
2026-03-05 15:58:42 - INFO - Buscando comentários - página 1...
2026-03-05 15:58:42 - INFO - Buscando comentários - página 2...
2026-03-05 15:58:43 - INFO - Buscando comentários - página 3...
2026-03-05 15:58:43 - INFO - Buscando comentários - página 4...
2026-03-05 15:58:43 - INFO - Buscando comentários - página 5...
2026-03-05 15:58:44 - INFO - Buscando comentários - página 6...
2026-03-05 15:58:45 - INFO - Buscando comentários - página 7...
2026-03-05 15:58:45 - INFO - Buscando comentários - página 8...
2026-03-05 15:58:45 - INFO - Buscando comentários - página 9...
2026-03-05 15:58:46 - INFO - Buscando comentários - página 10...
2026-03-05 15:58:47 - INFO - Buscando comentários - página 11...
2026-03-05 15:58:47 - INFO - Buscando comentários - página 12...
2026-03-05 15:58:47 - INFO - Buscando comentários - página 13...
2026-03-05 15:58:48 - INFO - Buscando comentários - página 14...
2026-03-05 15:58:48 - INFO - Buscando comentários - página 15...
2026-03-05 15:58:49 - INFO - Buscando comentários - página 16...
2026-03-05 15:58:49 - INFO - Buscando comentários - página 17...
2026-03-05 15:58:49 - INFO - Total de comentários coletados: 1611
2026-03-05 15:58:49 - INFO - ✓ 1611 comentários coletados
2026-03-05 15:58:49 - INFO - ✓ 106 respostas coletadas
2026-03-05 15:58:49 - INFO - Salvando dados coletados (sem transcrição)...
2026-03-05 15:58:49 - INFO - ✓ Dados salvos em: dados\coleta_20260305_155842\video_1_GHedkI8gGu0
2026-03-05 15:58:49 - INFO -   - dados.json
2026-03-05 15:58:49 - INFO -   - dados_raw.json
2026-03-05 15:58:49 - INFO -   - dados.txt
2026-03-05 15:58:49 - INFO -   - video.csv
2026-03-05 15:58:49 - INFO -   - comentarios.csv (1611 comentários)
2026-03-05 15:58:49 - INFO -   - respostas.csv (106 respostas)
2026-03-05 15:58:49 - INFO - ✓ Dados salvos com sucesso
2026-03-05 15:58:49 - INFO - Navegando para próximo vídeo...
2026-03-05 16:01:30 - INFO - ⏳ Tempo restante: 57.0 min
2026-03-05 16:01:30 - INFO - 
============================================================
2026-03-05 16:01:30 - INFO - VÍDEO 2 | Tempo decorrido: 3.0 min / 60 min
2026-03-05 16:01:30 - INFO - ============================================================
2026-03-05 16:01:30 - INFO - Video ID: lRHcHp0WB4c
2026-03-05 16:01:30 - INFO - Buscando informações do vídeo...
2026-03-05 16:01:30 - INFO - ✓ Informações do vídeo obtidas
2026-03-05 16:01:30 - INFO - Buscando comentários e respostas...
2026-03-05 16:01:30 - INFO - Buscando comentários - página 1...
2026-03-05 16:01:31 - INFO - Buscando comentários - página 2...
2026-03-05 16:01:31 - INFO - Buscando comentários - página 3...
2026-03-05 16:01:32 - INFO - Total de comentários coletados: 236
2026-03-05 16:01:32 - INFO - ✓ 236 comentários coletados
2026-03-05 16:01:32 - INFO - ✓ 83 respostas coletadas
2026-03-05 16:01:32 - INFO - Salvando dados coletados (sem transcrição)...
2026-03-05 16:01:32 - INFO - ✓ Dados salvos em: dados\coleta_20260305_155842\video_2_lRHcHp0WB4c
2026-03-05 16:01:32 - INFO -   - dados.json
2026-03-05 16:01:32 - INFO -   - dados_raw.json
2026-03-05 16:01:32 - INFO -   - dados.txt
2026-03-05 16:01:32 - INFO -   - video.csv
2026-03-05 16:01:32 - INFO -   - comentarios.csv (236 comentários)
2026-03-05 16:01:32 - INFO -   - respostas.csv (83 respostas)
2026-03-05 16:01:32 - INFO - ✓ Dados salvos com sucesso
2026-03-05 16:01:32 - INFO - Navegando para próximo vídeo...
2026-03-05 16:02:02 - INFO - Fechando WebDriver...
