2026-02-23 12:23:37 - INFO - Iniciando validação de credenciais...
2026-02-23 12:23:37 - INFO - ✓ Todas as credenciais validadas
2026-02-23 12:23:37 - INFO - Iniciando WebDriver Chrome...
2026-02-23 12:23:51 - INFO - 📁 Pasta da coleta criada: dados\coleta_20260223_122351
2026-02-23 12:23:51 - INFO - 
============================================================
2026-02-23 12:23:51 - INFO - VÍDEO 1/2
2026-02-23 12:23:51 - INFO - ============================================================
2026-02-23 12:23:51 - INFO - Video ID: Dl0602y6SKo
2026-02-23 12:23:51 - INFO - Buscando informações do vídeo...
2026-02-23 12:23:51 - INFO - ✓ Informações do vídeo obtidas
2026-02-23 12:23:51 - INFO - Buscando comentários e respostas...
2026-02-23 12:23:52 - INFO - ✓ 5 comentários coletados
2026-02-23 12:23:52 - INFO - ✓ 3 respostas coletadas
2026-02-23 12:23:52 - INFO - Buscando transcrição...
2026-02-23 12:23:52 - WARNING - ⚠️  Transcrição não disponível
2026-02-23 12:23:52 - INFO - Salvando dados coletados...
2026-02-23 12:23:52 - INFO - ✓ Dados salvos com sucesso
2026-02-23 12:23:52 - INFO - Navegando para próximo vídeo...
2026-02-23 12:23:55 - INFO - 
============================================================
2026-02-23 12:23:55 - INFO - VÍDEO 2/2
2026-02-23 12:23:55 - INFO - ============================================================
2026-02-23 12:23:55 - INFO - Video ID: 80U1R5fowlc
2026-02-23 12:23:55 - INFO - Buscando informações do vídeo...
2026-02-23 12:23:55 - INFO - ✓ Informações do vídeo obtidas
2026-02-23 12:23:55 - INFO - Buscando comentários e respostas...
2026-02-23 12:23:55 - INFO - ✓ 6 comentários coletados
2026-02-23 12:23:55 - INFO - ✓ 1 respostas coletadas
2026-02-23 12:23:55 - INFO - Buscando transcrição...
2026-02-23 12:23:56 - WARNING - ⚠️  Transcrição não disponível
2026-02-23 12:23:56 - INFO - Salvando dados coletados...
2026-02-23 12:23:56 - INFO - ✓ Dados salvos com sucesso
2026-02-23 12:23:56 - INFO - Navegando para próximo vídeo...
2026-02-23 12:23:59 - INFO - 
============================================================
2026-02-23 12:23:59 - INFO - RESUMO DA COLETA
2026-02-23 12:23:59 - INFO - ============================================================
2026-02-23 12:23:59 - INFO - ✓ Vídeos coletados com sucesso: 2
2026-02-23 12:23:59 - INFO - ❌ Vídeos com erro: 0
2026-02-23 12:23:59 - INFO - 📝 Total de comentários: 11
2026-02-23 12:23:59 - INFO - 💬 Total de respostas: 4
2026-02-23 12:23:59 - INFO - ⏱️  Tempo total: 0:00:22.132582
2026-02-23 12:23:59 - INFO - 📁 Dados salvos em: dados\coleta_20260223_122351
2026-02-23 12:23:59 - INFO - ✓ Coleta finalizada com sucesso!
2026-02-23 12:23:59 - INFO - Fechando WebDriver...
2026-02-23 12:28:31 - INFO - Iniciando validação de credenciais...
2026-02-23 12:28:31 - INFO - ✓ Todas as credenciais validadas
2026-02-23 12:28:31 - INFO - Iniciando WebDriver Chrome...
2026-02-23 12:28:43 - INFO - 📁 Pasta da coleta criada: dados\coleta_20260223_122843
2026-02-23 12:28:43 - INFO - 
============================================================
2026-02-23 12:28:43 - INFO - VÍDEO 1/2
2026-02-23 12:28:43 - INFO - ============================================================
2026-02-23 12:28:43 - INFO - Video ID: -FrxRSbrFW0
2026-02-23 12:28:43 - INFO - Buscando informações do vídeo...
2026-02-23 12:28:44 - INFO - ✓ Informações do vídeo obtidas
2026-02-23 12:28:44 - INFO - Buscando comentários e respostas...
2026-02-23 12:28:44 - INFO - ✓ 147 comentários coletados
2026-02-23 12:28:44 - INFO - ✓ 26 respostas coletadas
2026-02-23 12:28:44 - INFO - Buscando transcrição...
2026-02-23 12:28:45 - WARNING - ⚠️  Transcrição não disponível
2026-02-23 12:28:45 - INFO - Salvando dados coletados...
2026-02-23 12:28:45 - INFO - ✓ Dados salvos com sucesso
2026-02-23 12:28:45 - INFO - Navegando para próximo vídeo...
2026-02-23 12:28:47 - INFO - 
============================================================
2026-02-23 12:28:47 - INFO - VÍDEO 2/2
2026-02-23 12:28:47 - INFO - ============================================================
2026-02-23 12:28:47 - INFO - Video ID: rbSuS3y5edM
2026-02-23 12:28:47 - INFO - Buscando informações do vídeo...
2026-02-23 12:28:48 - INFO - ✓ Informações do vídeo obtidas
2026-02-23 12:28:48 - INFO - Buscando comentários e respostas...
2026-02-23 12:28:48 - INFO - ✓ 7 comentários coletados
2026-02-23 12:28:48 - INFO - ✓ 6 respostas coletadas
2026-02-23 12:28:48 - INFO - Buscando transcrição...
2026-02-23 12:28:48 - WARNING - ⚠️  Transcrição não disponível
2026-02-23 12:28:48 - INFO - Salvando dados coletados...
2026-02-23 12:28:48 - INFO - ✓ Dados salvos com sucesso
2026-02-23 12:28:48 - INFO - Navegando para próximo vídeo...
2026-02-23 12:28:51 - INFO - 
============================================================
2026-02-23 12:28:51 - INFO - RESUMO DA COLETA
2026-02-23 12:28:51 - INFO - ============================================================
2026-02-23 12:28:51 - INFO - ✓ Vídeos coletados com sucesso: 2
2026-02-23 12:28:51 - INFO - ❌ Vídeos com erro: 0
2026-02-23 12:28:51 - INFO - 📝 Total de comentários: 154
2026-02-23 12:28:51 - INFO - 💬 Total de respostas: 32
2026-02-23 12:28:51 - INFO - ⏱️  Tempo total: 0:00:20.160696
2026-02-23 12:28:51 - INFO - 📁 Dados salvos em: dados\coleta_20260223_122843
2026-02-23 12:28:51 - INFO - ✓ Coleta finalizada com sucesso!
2026-02-23 12:28:51 - INFO - Fechando WebDriver...
2026-02-23 12:30:56 - INFO - Iniciando validação de credenciais...
2026-02-23 12:30:56 - INFO - ✓ Todas as credenciais validadas
2026-02-23 12:30:56 - INFO - Iniciando WebDriver Chrome...
2026-02-23 12:31:11 - INFO - 📁 Pasta da coleta criada: dados\coleta_20260223_123111
2026-02-23 12:31:11 - INFO - 
============================================================
2026-02-23 12:31:11 - INFO - VÍDEO 1/2
2026-02-23 12:31:11 - INFO - ============================================================
2026-02-23 12:31:11 - INFO - Video ID: C41wvnO5Spc
2026-02-23 12:31:11 - INFO - Buscando informações do vídeo...
2026-02-23 12:31:11 - INFO - ✓ Informações do vídeo obtidas
2026-02-23 12:31:11 - INFO - Buscando comentários e respostas...
2026-02-23 12:31:12 - INFO - ✓ 186 comentários coletados
2026-02-23 12:31:12 - INFO - ✓ 26 respostas coletadas
2026-02-23 12:31:12 - INFO - Buscando transcrição...
2026-02-23 12:31:12 - WARNING - ⚠️  Transcrição não disponível
2026-02-23 12:31:12 - INFO - Salvando dados coletados...
2026-02-23 12:31:12 - INFO - ✓ Dados salvos com sucesso
2026-02-23 12:31:12 - INFO - Navegando para próximo vídeo...
2026-02-23 12:31:15 - INFO - 
============================================================
2026-02-23 12:31:15 - INFO - VÍDEO 2/2
2026-02-23 12:31:15 - INFO - ============================================================
2026-02-23 12:31:15 - INFO - Video ID: wzBB014du4w
2026-02-23 12:31:15 - INFO - Buscando informações do vídeo...
2026-02-23 12:31:15 - INFO - ✓ Informações do vídeo obtidas
2026-02-23 12:31:15 - INFO - Buscando comentários e respostas...
2026-02-23 12:31:15 - INFO - ✓ 11 comentários coletados
2026-02-23 12:31:15 - INFO - ✓ 8 respostas coletadas
2026-02-23 12:31:15 - INFO - Buscando transcrição...
2026-02-23 12:31:16 - WARNING - ⚠️  Transcrição não disponível
2026-02-23 12:31:16 - INFO - Salvando dados coletados...
2026-02-23 12:31:17 - INFO - ✓ Dados salvos com sucesso
2026-02-23 12:31:17 - INFO - Navegando para próximo vídeo...
2026-02-23 12:31:19 - INFO - 
============================================================
2026-02-23 12:31:19 - INFO - RESUMO DA COLETA
2026-02-23 12:31:19 - INFO - ============================================================
2026-02-23 12:31:19 - INFO - ✓ Vídeos coletados com sucesso: 2
2026-02-23 12:31:19 - INFO - ❌ Vídeos com erro: 0
2026-02-23 12:31:19 - INFO - 📝 Total de comentários: 197
2026-02-23 12:31:19 - INFO - 💬 Total de respostas: 34
2026-02-23 12:31:19 - INFO - ⏱️  Tempo total: 0:00:23.285076
2026-02-23 12:31:19 - INFO - 📁 Dados salvos em: dados\coleta_20260223_123111
2026-02-23 12:31:19 - INFO - ✓ Coleta finalizada com sucesso!
2026-02-23 12:31:19 - INFO - Fechando WebDriver...
