2026-03-04 17:43:05 - INFO - Iniciando WebDriver Chrome...
2026-03-04 17:43:12 - INFO - 📁 Pasta da coleta criada: dados\coleta_20260304_174312
2026-03-04 17:43:12 - INFO - ⏱️  Coleta iniciada. Duração máxima: 1h
2026-03-04 17:43:12 - INFO - 🏁 Término previsto: 18:43:05
2026-03-04 17:43:12 - INFO - ⏳ Tempo restante: 59.9 min
2026-03-04 17:43:12 - INFO - 
============================================================
2026-03-04 17:43:12 - INFO - VÍDEO 1 | Tempo decorrido: 0.1 min / 60 min
2026-03-04 17:43:12 - INFO - ============================================================
2026-03-04 17:43:12 - INFO - Video ID: GHedkI8gGu0
2026-03-04 17:43:12 - INFO - Buscando informações do vídeo...
2026-03-04 17:43:13 - INFO - ✓ Informações do vídeo obtidas
2026-03-04 17:43:13 - INFO - Buscando comentários e respostas...
2026-03-04 17:43:13 - INFO - Buscando comentários - página 1...
2026-03-04 17:43:13 - INFO - Buscando comentários - página 2...
2026-03-04 17:43:14 - INFO - Buscando comentários - página 3...
2026-03-04 17:43:14 - INFO - Buscando comentários - página 4...
2026-03-04 17:43:15 - INFO - Buscando comentários - página 5...
2026-03-04 17:43:15 - INFO - Buscando comentários - página 6...
2026-03-04 17:43:16 - INFO - Buscando comentários - página 7...
2026-03-04 17:43:17 - INFO - Buscando comentários - página 8...
2026-03-04 17:43:17 - INFO - Buscando comentários - página 9...
2026-03-04 17:43:18 - INFO - Buscando comentários - página 10...
2026-03-04 17:43:19 - INFO - Buscando comentários - página 11...
2026-03-04 17:43:20 - INFO - Buscando comentários - página 12...
2026-03-04 17:43:20 - INFO - Buscando comentários - página 13...
2026-03-04 17:43:21 - INFO - Buscando comentários - página 14...
2026-03-04 17:43:22 - INFO - Buscando comentários - página 15...
2026-03-04 17:43:22 - INFO - Buscando comentários - página 16...
2026-03-04 17:43:23 - INFO - Total de comentários coletados: 1588
2026-03-04 17:43:23 - INFO - ✓ 1588 comentários coletados
2026-03-04 17:43:23 - INFO - ✓ 106 respostas coletadas
2026-03-04 17:43:23 - INFO - Salvando dados coletados (sem transcrição)...
2026-03-04 17:43:23 - INFO - ✓ Dados salvos em: dados\coleta_20260304_174312\video_1_GHedkI8gGu0
2026-03-04 17:43:23 - INFO -   - dados.json
2026-03-04 17:43:23 - INFO -   - dados_raw.json
2026-03-04 17:43:23 - INFO -   - dados.txt
2026-03-04 17:43:23 - INFO -   - video.csv
2026-03-04 17:43:23 - INFO -   - comentarios.csv (1588 comentários)
2026-03-04 17:43:23 - INFO -   - respostas.csv (106 respostas)
2026-03-04 17:43:23 - INFO - ✓ Dados salvos com sucesso
2026-03-04 17:43:23 - INFO - Navegando para próximo vídeo...
2026-03-04 17:43:25 - INFO - ⏳ Tempo restante: 59.7 min
2026-03-04 17:43:25 - INFO - 
============================================================
2026-03-04 17:43:25 - INFO - VÍDEO 2 | Tempo decorrido: 0.3 min / 60 min
2026-03-04 17:43:25 - INFO - ============================================================
2026-03-04 17:43:25 - INFO - Video ID: oTOSA7jtYCg
2026-03-04 17:43:25 - INFO - Buscando informações do vídeo...
2026-03-04 17:43:25 - INFO - ✓ Informações do vídeo obtidas
2026-03-04 17:43:25 - INFO - Buscando comentários e respostas...
2026-03-04 17:43:25 - INFO - Buscando comentários - página 1...
2026-03-04 17:43:26 - INFO - Total de comentários coletados: 6
2026-03-04 17:43:26 - INFO - ✓ 6 comentários coletados
2026-03-04 17:43:26 - INFO - ✓ 1 respostas coletadas
2026-03-04 17:43:26 - INFO - Salvando dados coletados (sem transcrição)...
2026-03-04 17:43:26 - INFO - ✓ Dados salvos em: dados\coleta_20260304_174312\video_2_oTOSA7jtYCg
2026-03-04 17:43:26 - INFO -   - dados.json
2026-03-04 17:43:26 - INFO -   - dados_raw.json
2026-03-04 17:43:26 - INFO -   - dados.txt
2026-03-04 17:43:26 - INFO -   - video.csv
2026-03-04 17:43:26 - INFO -   - comentarios.csv (6 comentários)
2026-03-04 17:43:26 - INFO -   - respostas.csv (1 respostas)
2026-03-04 17:43:26 - INFO - ✓ Dados salvos com sucesso
2026-03-04 17:43:26 - INFO - Navegando para próximo vídeo...
2026-03-04 17:43:28 - INFO - ⏳ Tempo restante: 59.6 min
2026-03-04 17:43:28 - INFO - 
============================================================
2026-03-04 17:43:28 - INFO - VÍDEO 3 | Tempo decorrido: 0.4 min / 60 min
2026-03-04 17:43:28 - INFO - ============================================================
2026-03-04 17:43:28 - INFO - Video ID: lw7MHNYyL-E
2026-03-04 17:43:28 - INFO - Buscando informações do vídeo...
2026-03-04 17:43:28 - INFO - ✓ Informações do vídeo obtidas
2026-03-04 17:43:28 - INFO - Buscando comentários e respostas...
2026-03-04 17:43:28 - INFO - Buscando comentários - página 1...
2026-03-04 17:43:29 - INFO - Buscando comentários - página 2...
2026-03-04 17:43:30 - INFO - Buscando comentários - página 3...
2026-03-04 17:43:30 - INFO - Buscando comentários - página 4...
2026-03-04 17:43:31 - INFO - Buscando comentários - página 5...
2026-03-04 17:43:31 - INFO - Buscando comentários - página 6...
2026-03-04 17:43:32 - INFO - Buscando comentários - página 7...
2026-03-04 17:43:33 - INFO - Buscando comentários - página 8...
2026-03-04 17:43:33 - INFO - Buscando comentários - página 9...
2026-03-04 17:43:34 - INFO - Total de comentários coletados: 877
2026-03-04 17:43:34 - INFO - ✓ 877 comentários coletados
2026-03-04 17:43:34 - INFO - ✓ 62 respostas coletadas
2026-03-04 17:43:34 - INFO - Salvando dados coletados (sem transcrição)...
2026-03-04 17:43:34 - INFO - ✓ Dados salvos em: dados\coleta_20260304_174312\video_3_lw7MHNYyL-E
2026-03-04 17:43:34 - INFO -   - dados.json
2026-03-04 17:43:34 - INFO -   - dados_raw.json
2026-03-04 17:43:34 - INFO -   - dados.txt
2026-03-04 17:43:34 - INFO -   - video.csv
2026-03-04 17:43:34 - INFO -   - comentarios.csv (877 comentários)
2026-03-04 17:43:34 - INFO -   - respostas.csv (62 respostas)
2026-03-04 17:43:34 - INFO - ✓ Dados salvos com sucesso
2026-03-04 17:43:34 - INFO - Navegando para próximo vídeo...
2026-03-04 17:43:36 - INFO - ⏳ Tempo restante: 59.5 min
2026-03-04 17:43:36 - INFO - 
============================================================
2026-03-04 17:43:36 - INFO - VÍDEO 4 | Tempo decorrido: 0.5 min / 60 min
2026-03-04 17:43:36 - INFO - ============================================================
2026-03-04 17:43:36 - INFO - Video ID: f7b74wndOzg
2026-03-04 17:43:36 - INFO - Buscando informações do vídeo...
2026-03-04 17:43:36 - INFO - ✓ Informações do vídeo obtidas
2026-03-04 17:43:36 - INFO - Buscando comentários e respostas...
2026-03-04 17:43:36 - INFO - Buscando comentários - página 1...
2026-03-04 17:43:37 - INFO - Buscando comentários - página 2...
2026-03-04 17:43:37 - INFO - Buscando comentários - página 3...
2026-03-04 17:43:38 - INFO - Buscando comentários - página 4...
2026-03-04 17:43:38 - INFO - Buscando comentários - página 5...
2026-03-04 17:43:39 - INFO - Buscando comentários - página 6...
2026-03-04 17:43:39 - INFO - Buscando comentários - página 7...
2026-03-04 17:43:39 - INFO - Buscando comentários - página 8...
2026-03-04 17:43:40 - INFO - Buscando comentários - página 9...
2026-03-04 17:43:41 - INFO - Buscando comentários - página 10...
2026-03-04 17:43:41 - INFO - Total de comentários coletados: 955
2026-03-04 17:43:41 - INFO - ✓ 955 comentários coletados
2026-03-04 17:43:41 - INFO - ✓ 48 respostas coletadas
2026-03-04 17:43:41 - INFO - Salvando dados coletados (sem transcrição)...
2026-03-04 17:43:41 - INFO - ✓ Dados salvos em: dados\coleta_20260304_174312\video_4_f7b74wndOzg
2026-03-04 17:43:41 - INFO -   - dados.json
2026-03-04 17:43:41 - INFO -   - dados_raw.json
2026-03-04 17:43:41 - INFO -   - dados.txt
2026-03-04 17:43:41 - INFO -   - video.csv
2026-03-04 17:43:41 - INFO -   - comentarios.csv (955 comentários)
2026-03-04 17:43:41 - INFO -   - respostas.csv (48 respostas)
2026-03-04 17:43:41 - INFO - ✓ Dados salvos com sucesso
2026-03-04 17:43:41 - INFO - Navegando para próximo vídeo...
2026-03-04 17:43:44 - INFO - Fechando WebDriver...
