2026-02-26 17:20:45 - INFO - Iniciando WebDriver Chrome...
2026-02-26 17:20:54 - INFO - 📁 Pasta da coleta criada: dados\coleta_20260226_172054
2026-02-26 17:20:54 - INFO - 
============================================================
2026-02-26 17:20:54 - INFO - VÍDEO 1/2
2026-02-26 17:20:54 - INFO - ============================================================
2026-02-26 17:20:54 - INFO - Video ID: CjLWNXyhLgc
2026-02-26 17:20:54 - INFO - Buscando informações do vídeo...
2026-02-26 17:20:55 - INFO - ✓ Informações do vídeo obtidas
2026-02-26 17:20:55 - INFO - Buscando comentários e respostas...
2026-02-26 17:20:55 - INFO - Buscando comentários - página 1...
2026-02-26 17:20:55 - INFO - Total de comentários coletados: 10
2026-02-26 17:20:55 - INFO - ✓ 10 comentários coletados
2026-02-26 17:20:55 - INFO - ✓ 2 respostas coletadas
2026-02-26 17:20:55 - INFO - Salvando dados coletados (sem transcrição)...
2026-02-26 17:20:55 - INFO - ✓ Dados salvos em: dados\coleta_20260226_172054\video_1_CjLWNXyhLgc
2026-02-26 17:20:55 - INFO -   - dados.json
2026-02-26 17:20:55 - INFO -   - dados_raw.json
2026-02-26 17:20:55 - INFO -   - dados.txt
2026-02-26 17:20:55 - INFO -   - video.csv
2026-02-26 17:20:55 - INFO -   - comentarios.csv (10 comentários)
2026-02-26 17:20:55 - INFO -   - respostas.csv (2 respostas)
2026-02-26 17:20:55 - INFO - ✓ Dados salvos com sucesso
2026-02-26 17:20:55 - INFO - Navegando para próximo vídeo...
2026-02-26 17:20:57 - INFO - Fechando WebDriver...
